u'<!--/*--><![CDATA[/*><!--*/\nstyle1\n/*]]>*/-->'
'<!--/*--><![CDATA[/*><!--*/\nstyle1\n/*]]>*/-->'
'<!--/*--><![CDATA[/*><!--*/\nstyle1 - \xc3\xa9\n/*]]>*/-->'
u'<!--/*--><![CDATA[/*><!--*/\nstyle2\n/*]]>*/-->'
'<!--/*--><![CDATA[/*><!--*/\nstyle2\n/*]]>*/-->'
'<!--/*--><![CDATA[/*><!--*/\nstyle2 - \xc3\xa9\n/*]]>*/-->'
u'<!--/*--><![CDATA[/*><!--*/\nstyle3\n/*]]>*/-->'
'<!--/*--><![CDATA[/*><!--*/\nstyle3\n/*]]>*/-->'
'<!--/*--><![CDATA[/*><!--*/\nstyle3 - \xc3\xa9\n/*]]>*/-->'
u'<!--/*--><![CDATA[/*><!--*/\nstyle4\n/*]]>*/-->'
'<!--/*--><![CDATA[/*><!--*/\nstyle4\n/*]]>*/-->'
'<!--/*--><![CDATA[/*><!--*/\nstyle4 - \xc3\xa9\n/*]]>*/-->'
UnicodeError - OK
