<html>

<style><!--/*--><![CDATA[/*><!--*/
a b c{
    foo: bar;
    baz: blub;
}
/*]]>*/--></style>
<style></style>
</html>
