<html><head><title>Hello World!</title><style><!--/*--><![CDATA[/*><!--*/
Some style.
/*]]>*/--></style></head><body><script><!--//--><![CDATA[//><!--
Some script.
//--><!]]></script><h1>Hello World!</h1></body>
