u'<!--//--><![CDATA[//><!--\nscript1\n//--><!]]>'
'<!--//--><![CDATA[//><!--\nscript1\n//--><!]]>'
'<!--//--><![CDATA[//><!--\nscript1 - \xc3\xa9\n//--><!]]>'
u'<!--//--><![CDATA[//><!--\nscript2\n//--><!]]>'
'<!--//--><![CDATA[//><!--\nscript2\n//--><!]]>'
'<!--//--><![CDATA[//><!--\nscript2 - \xc3\xa9\n//--><!]]>'
u'<!--//--><![CDATA[//><!--\nscript3\n//--><!]]>'
'<!--//--><![CDATA[//><!--\nscript3\n//--><!]]>'
'<!--//--><![CDATA[//><!--\nscript3 - \xc3\xa9\n//--><!]]>'
u'<!--//--><![CDATA[//><!--\nscript4\n//--><!]]>'
'<!--//--><![CDATA[//><!--\nscript4\n//--><!]]>'
'<!--//--><![CDATA[//><!--\nscript4 - \xc3\xa9\n//--><!]]>'
UnicodeError - OK
