u'\xe9-\\-\\-\\-\\-\\-\\-]\\]><\\/script>'
'\xe9-\\-\\-\\-\\-\\-\\-]\\]><\\/script>'
UnicodeError - OK
'\xc3\xa9-\\-\\-\\-\\-\\-\\-]\\]><\\/script>'
