SimpleJSON({1: u'Andr\xe9 \u2028\u2029</---]]>'}, False)
'{"1":"Andr\xc3\xa9 \\u2028\\u2029</---]]>"}'
u'{"1":"Andr\xe9 \\u2028\\u2029</---]]>"}'
u'{"1":"Andr\xe9 \\u2028\\u2029</---]]>"}'
u'{"1":"Andr\xe9 \\u2028\\u2029<\\/-\\-\\-]\\]>"}'
u'{"1":"Andr\xe9 \\u2028\\u2029</---]]>"}'
SimpleJSON({1: u'Andr\xe9 \u2028\u2029</---]]>'}, True)
'{"1":"Andr\xc3\xa9 \\u2028\\u2029<\\/-\\-\\-]\\]>"}'
u'{"1":"Andr\xe9 \\u2028\\u2029<\\/-\\-\\-]\\]>"}'
u'{"1":"Andr\xe9 \\u2028\\u2029<\\/-\\-\\-]\\]>"}'
u'{"1":"Andr\xe9 \\u2028\\u2029<\\/-\\-\\-]\\]>"}'
u'{"1":"Andr\xe9 \\u2028\\u2029</---]]>"}'
SimpleJSON({1: 'Andr\xe9 </---]]>'}, False)
'{"1":"Andr\xc3\xa9 </---]]>"}'
u'{"1":"Andr\xe9 </---]]>"}'
u'{"1":"Andr\xe9 </---]]>"}'
u'{"1":"Andr\xe9 <\\/-\\-\\-]\\]>"}'
u'{"1":"Andr\xe9 </---]]>"}'
SimpleJSON({1: 'Andr\xe9 </---]]>'}, True)
'{"1":"Andr\xc3\xa9 <\\/-\\-\\-]\\]>"}'
u'{"1":"Andr\xe9 <\\/-\\-\\-]\\]>"}'
u'{"1":"Andr\xe9 <\\/-\\-\\-]\\]>"}'
u'{"1":"Andr\xe9 <\\/-\\-\\-]\\]>"}'
u'{"1":"Andr\xe9 </---]]>"}'
