/
  '<html>'
  body (<<< foo)
    'blub'
  '</html>'
\

/
  '<xhtml>'
  nobody (<<< foo)
    'blub'
  '</xhtml>'
\

