<html><head><title>Boo!</title><script>Some script</script><style><!--
        Some style
    --></style></head><body><p>Hello <b>YOU!</b> reader! Now... <br /><form><textarea>Some
text
in     here.
        </textarea></form><pre>
        More text

            in


                here.</pre></body></html>abc
