<node>
    <anode>0</anode><bnode> zonked </bnode><anode>1</anode>
    
</node>
