<node>
    <znode>
        <ynode>yeah.</ynode>
    </znode>
</node>
