<node>
    <anode been2="here2">
    <cnode>whoa!2</cnode>
</anode>
    <xnode></xnode>
</node>
