<node>
    <znode>0</znode><anode> overlayed </anode><znode>1</znode>
    
</node>
