<node>
    
    <bnode>whoa!</bnode>

    <xnode></xnode>
</node>
