<node>
    <znode>
        <anode>
            <ynode>yeah.</ynode>
        </anode>
    </znode>
</node>
