['bar', 'foo', 'zonk']
['bar', 'baz', 'foo', 'plenk']
