<anode tdi:scope="=+" tdi="+level1">
    <widget tdi:scope="=+zapp" tdi="+nested">widget!</widget>
    
</anode>
