<node>
    <anode been="here">
    <anode>
    <bnode>something</bnode>
</anode>
</anode>
    <xnode></xnode>
</node>
