<anode tdi:scope="=+" tdi="+level1">
    <widget tdi:scope="=+foo.bar" tdi="+nested">widget!</widget>
    
</anode>
