<anode>
    <!-- Comment! -->
    <bnode>hey</bnode>
</anode>
<anode>
    <!-- Comment! -->
    <bnode>hey</bnode>
</anode>
<anode>
    
    <bnode>hey</bnode>
</anode>
