<node>
    <xnode been="here">yes</xnode>
    <xnode></xnode>
</node>
