<node>
    <xnode blah="bl&#246;d"></xnode>
</node>
