<anode>
    <node>
        <node>sup.</node>
    </node>
</anode>
