u'<div>\ncontent 1\n</div>'
'<div>\ncontent 2\n</div>'
<html>
<body>

</body>
</html>
