<x>
    <y>
        <z>a</z>
    </y>
</x><x>
    <y>
        <z>b</z>
    </y>
</x><x>
    <y>
        <z>c</z>
    </y>
</x>
