render_anode 1
<anode></anode>

---
<anode></anode>

---
render_anode 2
<anode></anode>

---
<anode></anode>

