<x>
    <y>
        <z>a</z>
    </y>
</x><a>
    <b>a, b</b>
</a><x>
    <y>
        <z>b</z>
    </y>
</x><a>
    <b>b, c</b>
</a><x>
    <y>
        <z>c</z>
    </y>
</x>

