/
\

/
  '<node>\n    <xn...ode>\n</node>\n'
\

<node>
    <xnode></xnode>
</node>
