<node><ynode>
1
</ynode></node><node><ynode>
2
</ynode></node><node><ynode>
3
</ynode></node><node><ynode>
4
</ynode></node>
