<xnode><ynode>(0, 1, ())</ynode></xnode><xnode><ynode>(1, 2, ())</ynode></xnode><xnode><ynode>(2, 3, ())</ynode></xnode><xnode><ynode>(3, 4, ())</ynode></xnode>
