<node>
    <node j="1">
        <node></node>
    </node>
    <node j="2">
        <node></node>
    </node>
    <node j="3">
        <node></node>
    </node>
    <node j="4">
        <node></node>
    </node>
</node>
