OK: Nodewarning: Ignoring separator node(s) without accompanying content node: 'nested2', 'nested3'
