<html>
<body>
    <script>
        document.write('<div><h1>different.<\/h1><\/div>')
    </script>
</body>
</html>
