Hello André!

Look, hey, this is a text [template]. And here's a list:

* apple
* pear
* cherry

Thanks for [[+listening]].
