OK 'some text'
OK '<>'
OK 'text<>'
OK 'text<>more'
OK '<#'
OK '<?'
OK 'lalala<?lololo?>'
OK 'lalala<?>lulul'
OK 'lalala<??>lulul'
OK 'lalala<???>lulul'
OK 'xxx'
OK 'xxx<'
OK 'xxx<x'
OK 'xxx<x<'
OK 'xxx<x</'
OK 'xxx<x<</'
OK 'xxx<x<</bar>'
OK 'xxx<x<</bar>xxx</fOo>yyy'
OK '<'
OK '<a'
OK '<a>'
OK 'hey<a>'
OK 'hey<a>ho.'
OK 'hey<a href>ho.'
OK 'hey<a href=">ho.'
OK 'hey<a href="">ho.'
OK 'hey<a href=""">ho.'
OK "hey<a href='>ho."
OK "hey<a href=''>ho."
OK "hey<a href='''>ho."
OK 'hey<a href="link">ho.'
OK "hey<a href='link'>ho."
OK 'hey<a href="link" >ho.'
OK "hey<a href='link' >ho."
OK 'hey<a href="link\'>ho.'
OK 'hey<a href=\'link">ho.'
OK 'hey<a href=link>ho.'
OK 'hey<a href=li"nk>ho.'
OK 'hey<abc href="lala" lolo xxx="yyy">ho.'
OK '<a />'
OK '<a/>'
OK 'hey<ab/>'
OK 'hey<ab />'
OK 'hey<a/>ho.'
OK 'hey<a href/>ho.'
OK 'hey<a href="/>ho.'
OK 'hey<a href=""/>ho.'
OK 'hey<a href="" />ho.'
OK 'hey<a href="""/>ho.'
OK "hey<a href='/>ho."
OK "hey<a href=''/>ho."
OK "hey<a href='''/>ho."
OK 'hey<axx href="link" />ho.'
OK "hey<a href='link' />ho."
OK 'hey<a href="link" / >ho.'
OK "hey<a href='link' / >ho."
OK 'hey<a href="link\'/>ho.'
OK 'hey<a href=\'link" />ho.'
OK 'hey<a href=link />ho.'
OK 'hey<a href=li"nk/>ho.'
OK 'hey<abc href="lala" lolo xxx="yyy" />ho.'
OK '</'
OK '</>'
OK '</xy'
OK '</xy>'
OK '</ xy>'
OK '</ \n xy>'
OK '</ hjkhk   \t>'
OK '<!'
OK '<!-'
OK '<!--'
OK '<!-->'
OK '<!--->'
OK '<!---->'
OK '<!----  \n>'
OK '<!--\n\n \x0c--  \n>'
OK '<!-- lalalal -->'
OK '<!--[if'
OK '<!--[ \tif   \n]>'
OK '<!--[else'
OK '<!--[ \telse   \n]>'
OK '<!--[endif'
OK '<!--[ \tendif   \n]>'
OK '<!--[ \tENDIF   \n]>'
OK '<!--[ \tIf   \n]>'
OK '<!--[xxx'
OK '<!--[ \txxx   \n]>'
OK '<!--[if'
OK '<!--[ \tif   \n]>'
OK '<!['
OK '<![lalal'
OK '<![lalala]]>'
OK '<![ \tlalala   xxxxx   ] \r\n]   >'
OK '<![ \tlalala  [ xxxxx   ] \r\n]   >'
OK '<![]>'
OK '<![ ]>'
OK '<![  \t] >'
OK '<![if !IE 8]>'
OK '<![endif]>'
OK '<![endif]-->'
OK '<![eNDiF] -- >'
OK '<![eNDiFx] -- >'
OK '<![eNDix] -- >'
OK '<![if !IE 8]>'
OK '<![endif]>'
OK '<![endif]-->'
OK '<![eNDiF] -- >'
OK '<!DOCTYPE>'
OK '<!DOCTYPE html>'
OK '<!DOCTYPE \thtml\x0c \n>'
OK '<!DOCTYPE html PUBLIC "-//W3C//DTD XHTML 1.0 Transitional//EN" "http:/'...
OK "<!DOCTYPE html PUBLIC '-//W3C//DTD XHTML 1.0 Transitional//EN' 'http:/"...
OK '<!DOCTYPE html -- some comment -- >'
OK '<!DOCTYPE html -- some co"mment -- >'
OK '<!DOCTYPE html -- some comment -a >'
OK '<!DOCTYPE html -- some comment -a -- >'
OK '<!DOCTYPE html -- some comment -- -a >'
OK '<!DOCTYPE html [\n<! -- comment -- >\n\n<!ENTITY % events\n "onclick     %'...
OK '<!DOCTYPE html -- some comment -- <![CDATA[ lalala ]]> -a >'
OK '<!DOCTYPE html -- some comment -- <![CDATA[ l" --alala ]]> -a >'
