[[a b=c d]]
[a b1 c2=d3]
[/ff]
ggg
ggg
"€\""
"€"
"€\""
"€"
€
€
€
lalala
[]lalala]
